::1 - - [12/May/2026:08:18:46 -0300] "GET / HTTP/1.1" 200 279
::1 - - [12/May/2026:08:18:47 -0300] "GET /favicon.ico HTTP/1.1" 404 209
::1 - - [12/May/2026:08:18:48 -0300] "GET /20261_iw2_Guilherme/ HTTP/1.1" 200 2836
::1 - - [12/May/2026:08:18:49 -0300] "POST /20261_iw2_Guilherme/1consulta.php HTTP/1.1" 200 226
::1 - - [12/May/2026:08:18:52 -0300] "POST /20261_iw2_Guilherme/2consulta.php HTTP/1.1" 200 220
::1 - - [12/May/2026:08:18:56 -0300] "POST /20261_iw2_Guilherme/1consulta.php HTTP/1.1" 200 226
::1 - - [12/May/2026:08:18:57 -0300] "POST /20261_iw2_Guilherme/1consulta.php HTTP/1.1" 200 226
::1 - - [12/May/2026:08:18:58 -0300] "POST /20261_iw2_Guilherme/2consulta.php HTTP/1.1" 200 220
::1 - - [12/May/2026:08:19:00 -0300] "POST /20261_iw2_Guilherme/1consulta.php HTTP/1.1" 200 226
::1 - - [12/May/2026:08:19:01 -0300] "POST /20261_iw2_Guilherme/2consulta.php HTTP/1.1" 200 220
::1 - - [12/May/2026:08:19:14 -0300] "GET /phpmyadmin HTTP/1.1" 301 241
::1 - - [12/May/2026:08:19:14 -0300] "GET /phpmyadmin/ HTTP/1.1" 200 8587
::1 - - [12/May/2026:08:19:15 -0300] "GET /phpmyadmin/themes/pmahomme/jquery/jquery-ui-1.9.2.custom.css HTTP/1.1" 200 32739
::1 - - [12/May/2026:08:19:15 -0300] "GET /phpmyadmin/themes/pmahomme/img/logo_right.png HTTP/1.1" 200 4548
::1 - - [12/May/2026:08:19:15 -0300] "GET /phpmyadmin/js/get_scripts.js.php?scripts[]=jquery/jquery-1.8.3.js&scripts[]=ajax.js&scripts[]=keyhandler.js&scripts[]=jquery/jquery-ui-1.9.2.custom.js&scripts[]=jquery/jquery.sprintf.js&scripts[]=jquery/jquery.cookie.js&scripts[]=jquery/jquery.mousewheel.js&scripts[]=jquery/jquery.event.drag-2.2.js&scripts[]=jquery/jquery-ui-timepicker-addon.js&scripts[]=jquery/jquery.ba-hashchange-1.3.js&scripts[]=jquery/jquery.debounce-1.0.5.js&scripts[]=jquery/jquery.menuResizer-1.0.js&scripts[]=rte.js&scripts[]=functions.js&scripts[]=navigation.js&scripts[]=indexes.js&scripts[]=common.js&scripts[]=codemirror/lib/codemirror.js&scripts[]=codemirror/mode/mysql/mysql.js HTTP/1.1" 200 578621
::1 - - [12/May/2026:08:19:15 -0300] "GET /phpmyadmin/themes/dot.gif HTTP/1.1" 200 43
::1 - - [12/May/2026:08:19:14 -0300] "GET /phpmyadmin/ HTTP/1.1" 200 8587
::1 - - [12/May/2026:08:19:14 -0300] "GET /phpmyadmin/phpmyadmin.css.php?server=1&lang=pt&collation_connection=utf8_general_ci&token=680e27a40677a060d464593e674b4a07&nocache=5335754361ltr HTTP/1.1" 200 92653
::1 - - [12/May/2026:08:19:15 -0300] "GET /phpmyadmin/js/get_image.js.php?theme=pmahomme HTTP/1.1" 200 6364
::1 - - [12/May/2026:08:19:15 -0300] "GET /phpmyadmin/phpmyadmin.css.php?server=1&lang=pt&collation_connection=utf8_general_ci&token=57f08deac0501eef4a42baf1e453f809&nocache=5335754361ltr HTTP/1.1" 200 92653
::1 - - [12/May/2026:08:19:15 -0300] "GET /phpmyadmin/js/messages.php?lang=pt&db=&server=0&collation_connection=utf8_general_ci&token=fb126de6b65dea1988f079d5c2770f33 HTTP/1.1" 200 18108
::1 - - [12/May/2026:08:19:15 -0300] "GET /phpmyadmin/js/messages.php?lang=pt&db=&server=0&collation_connection=utf8_general_ci&token=22ab06afdbccd18d3e8f01dc8fabe035 HTTP/1.1" 200 18108
::1 - - [12/May/2026:08:19:15 -0300] "GET /phpmyadmin/themes/pmahomme/img/sprites.png HTTP/1.1" 200 61899
::1 - - [12/May/2026:08:19:15 -0300] "GET /phpmyadmin/favicon.ico HTTP/1.1" 200 18902
::1 - - [12/May/2026:08:19:23 -0300] "POST /phpmyadmin/index.php HTTP/1.1" 302 -
::1 - - [12/May/2026:08:19:23 -0300] "GET /phpmyadmin/index.php?token=57f08deac0501eef4a42baf1e453f809 HTTP/1.1" 200 46688
::1 - - [12/May/2026:08:19:23 -0300] "GET /phpmyadmin/themes/pmahomme/img/logo_left.png HTTP/1.1" 200 2327
::1 - - [12/May/2026:08:19:23 -0300] "GET /phpmyadmin/phpmyadmin.css.php?server=1&token=57f08deac0501eef4a42baf1e453f809&nocache=7114339124ltr HTTP/1.1" 200 92653
::1 - - [12/May/2026:08:19:23 -0300] "GET /phpmyadmin/themes/pmahomme/img/ajax_clock_small.gif HTTP/1.1" 200 1810
::1 - - [12/May/2026:08:19:23 -0300] "GET /phpmyadmin/js/messages.php?lang=pt&db=&server=0&token=57f08deac0501eef4a42baf1e453f809 HTTP/1.1" 200 18108
::1 - - [12/May/2026:08:19:24 -0300] "GET /phpmyadmin/themes/pmahomme/img/left_nav_bg.png HTTP/1.1" 200 297
::1 - - [12/May/2026:08:19:24 -0300] "GET /phpmyadmin/version_check.php?&_nocache=1778584764062526081 HTTP/1.1" 200 39
::1 - - [12/May/2026:08:19:25 -0300] "GET /phpmyadmin/db_structure.php?server=1&db=db_camisa&token=57f08deac0501eef4a42baf1e453f809&ajax_request=true&ajax_page_request=true&menuHashes=ffe9468f&_nocache=1778584765863210222 HTTP/1.1" 200 5773
::1 - - [12/May/2026:08:19:26 -0300] "GET /phpmyadmin/js/get_scripts.js.php?scripts[]=db_structure.js&scripts[]=tbl_change.js HTTP/1.1" 200 12382
::1 - - [12/May/2026:08:19:27 -0300] "GET /phpmyadmin/db_sql.php?db=db_camisa&token=57f08deac0501eef4a42baf1e453f809&db_query_force=1&ajax_request=true&ajax_page_request=true&menuHashes=ffe9468f-668a9d82&_nocache=1778584767549963846 HTTP/1.1" 200 7258
::1 - - [12/May/2026:08:19:27 -0300] "GET /phpmyadmin/js/get_scripts.js.php?scripts[]=makegrid.js&scripts[]=sql.js HTTP/1.1" 200 35099
::1 - - [12/May/2026:08:19:28 -0300] "GET /phpmyadmin/db_structure.php?db=db_camisa&token=57f08deac0501eef4a42baf1e453f809&ajax_request=true&ajax_page_request=true&menuHashes=ffe9468f-668a9d82-51b9c919&_nocache=1778584768236136213 HTTP/1.1" 200 2517
::1 - - [12/May/2026:08:19:29 -0300] "GET /phpmyadmin/db_search.php?db=db_camisa&token=57f08deac0501eef4a42baf1e453f809&ajax_request=true&ajax_page_request=true&menuHashes=ffe9468f-668a9d82-51b9c919&_nocache=1778584769013734441 HTTP/1.1" 200 8193
::1 - - [12/May/2026:08:19:29 -0300] "GET /phpmyadmin/js/get_scripts.js.php?scripts[]=db_search.js HTTP/1.1" 200 3430
::1 - - [12/May/2026:08:19:29 -0300] "GET /phpmyadmin/db_structure.php?db=db_camisa&token=57f08deac0501eef4a42baf1e453f809&ajax_request=true&ajax_page_request=true&menuHashes=ffe9468f-668a9d82-51b9c919-3897a861&_nocache=1778584769749993852 HTTP/1.1" 200 2517
::1 - - [12/May/2026:08:20:18 -0300] "GET / HTTP/1.1" 200 279
::1 - - [12/May/2026:08:20:19 -0300] "GET /20261_iw2_Guilherme/ HTTP/1.1" 304 -
::1 - - [12/May/2026:08:20:20 -0300] "POST /20261_iw2_Guilherme/1consulta.php HTTP/1.1" 200 226
::1 - - [12/May/2026:08:20:25 -0300] "POST /20261_iw2_Guilherme/insere.php HTTP/1.1" 200 23
::1 - - [12/May/2026:08:20:26 -0300] "POST /20261_iw2_Guilherme/1consulta.php HTTP/1.1" 200 226
::1 - - [12/May/2026:08:20:27 -0300] "POST /20261_iw2_Guilherme/2consulta.php HTTP/1.1" 200 220
::1 - - [12/May/2026:08:21:22 -0300] "GET / HTTP/1.1" 200 279
::1 - - [12/May/2026:08:21:23 -0300] "GET /20261_iw2_Guilherme/ HTTP/1.1" 304 -
::1 - - [12/May/2026:08:21:28 -0300] "POST /20261_iw2_Guilherme/insere.php HTTP/1.1" 200 18
::1 - - [12/May/2026:08:22:06 -0300] "GET /phpmyadmin/ HTTP/1.1" 200 46688
::1 - - [12/May/2026:08:22:06 -0300] "GET /phpmyadmin/themes/pmahomme/jquery/jquery-ui-1.9.2.custom.css HTTP/1.1" 304 -
::1 - - [12/May/2026:08:22:06 -0300] "GET /phpmyadmin/themes/pmahomme/img/logo_left.png HTTP/1.1" 304 -
::1 - - [12/May/2026:08:22:06 -0300] "GET /phpmyadmin/themes/dot.gif HTTP/1.1" 304 -
::1 - - [12/May/2026:08:22:06 -0300] "GET /phpmyadmin/themes/pmahomme/img/ajax_clock_small.gif HTTP/1.1" 304 -
::1 - - [12/May/2026:08:22:06 -0300] "GET /phpmyadmin/themes/pmahomme/img/sprites.png HTTP/1.1" 304 -
::1 - - [12/May/2026:08:22:06 -0300] "GET /phpmyadmin/themes/pmahomme/img/left_nav_bg.png HTTP/1.1" 304 -
::1 - - [12/May/2026:08:22:07 -0300] "GET /phpmyadmin/version_check.php?&_nocache=1778584927004124248 HTTP/1.1" 200 39
::1 - - [12/May/2026:08:22:08 -0300] "GET /phpmyadmin/db_structure.php?server=1&db=db_camisa&token=57f08deac0501eef4a42baf1e453f809&ajax_request=true&ajax_page_request=true&menuHashes=ffe9468f&_nocache=1778584928500158902 HTTP/1.1" 200 12970
::1 - - [12/May/2026:08:22:08 -0300] "GET /phpmyadmin/themes/pmahomme/img/arrow_ltr.png HTTP/1.1" 200 139
::1 - - [12/May/2026:08:22:09 -0300] "GET /phpmyadmin/sql.php?db=db_camisa&token=57f08deac0501eef4a42baf1e453f809&goto=db_structure.php&table=camisa&pos=0&ajax_request=true&ajax_page_request=true&menuHashes=ffe9468f-668a9d82&_nocache=1778584929914376308 HTTP/1.1" 200 20243
::1 - - [12/May/2026:08:22:10 -0300] "GET /phpmyadmin/themes/pmahomme/img/s_fulltext.png HTTP/1.1" 200 193
::1 - - [12/May/2026:08:22:10 -0300] "GET /phpmyadmin/js/get_scripts.js.php?scripts[]=tbl_structure.js&scripts[]=gis_data_editor.js&scripts[]=makegrid.js&scripts[]=sql.js HTTP/1.1" 200 50287
::1 - - [12/May/2026:08:22:10 -0300] "GET /phpmyadmin/themes/pmahomme/img/col_pointer.png HTTP/1.1" 200 113
::1 - - [12/May/2026:08:22:10 -0300] "GET /phpmyadmin/themes/pmahomme/img/col_drop.png HTTP/1.1" 200 132
::1 - - [12/May/2026:08:22:10 -0300] "GET /phpmyadmin/index.php?ajax_request=1&recent_table=1&token=57f08deac0501eef4a42baf1e453f809 HTTP/1.1" 200 217
::1 - - [12/May/2026:08:22:19 -0300] "POST /20261_iw2_Guilherme/insere.php HTTP/1.1" 200 18
::1 - - [12/May/2026:08:22:20 -0300] "POST /20261_iw2_Guilherme/1consulta.php HTTP/1.1" 200 91
::1 - - [12/May/2026:08:22:21 -0300] "POST /20261_iw2_Guilherme/2consulta.php HTTP/1.1" 200 25
::1 - - [12/May/2026:08:22:59 -0300] "GET /phpmyadmin/ HTTP/1.1" 200 46754
::1 - - [12/May/2026:08:22:59 -0300] "GET /phpmyadmin/themes/pmahomme/jquery/jquery-ui-1.9.2.custom.css HTTP/1.1" 304 -
::1 - - [12/May/2026:08:22:59 -0300] "GET /phpmyadmin/themes/pmahomme/img/logo_left.png HTTP/1.1" 304 -
::1 - - [12/May/2026:08:22:59 -0300] "GET /phpmyadmin/themes/dot.gif HTTP/1.1" 304 -
::1 - - [12/May/2026:08:22:59 -0300] "GET /phpmyadmin/themes/pmahomme/img/ajax_clock_small.gif HTTP/1.1" 304 -
::1 - - [12/May/2026:08:22:59 -0300] "GET /phpmyadmin/themes/pmahomme/img/sprites.png HTTP/1.1" 304 -
::1 - - [12/May/2026:08:22:59 -0300] "GET /phpmyadmin/themes/pmahomme/img/left_nav_bg.png HTTP/1.1" 304 -
::1 - - [12/May/2026:08:22:59 -0300] "GET /phpmyadmin/version_check.php?&_nocache=1778584979658646217 HTTP/1.1" 200 39
::1 - - [12/May/2026:08:23:00 -0300] "GET /phpmyadmin/db_structure.php?server=1&db=db_camisa&token=57f08deac0501eef4a42baf1e453f809&ajax_request=true&ajax_page_request=true&menuHashes=ffe9468f&_nocache=1778584980772803200 HTTP/1.1" 200 12970
::1 - - [12/May/2026:08:23:00 -0300] "GET /phpmyadmin/themes/pmahomme/img/arrow_ltr.png HTTP/1.1" 304 -
::1 - - [12/May/2026:08:29:20 -0300] "GET /20261_iw2_Guilherme/ HTTP/1.1" 304 -
::1 - - [12/May/2026:08:29:21 -0300] "POST /20261_iw2_Guilherme/1consulta.php HTTP/1.1" 200 91
::1 - - [12/May/2026:08:29:22 -0300] "POST /20261_iw2_Guilherme/2consulta.php HTTP/1.1" 200 25
::1 - - [12/May/2026:08:29:22 -0300] "POST /20261_iw2_Guilherme/2consulta.php HTTP/1.1" 200 25
::1 - - [12/May/2026:08:29:23 -0300] "POST /20261_iw2_Guilherme/1consulta.php HTTP/1.1" 200 91
::1 - - [12/May/2026:08:31:31 -0300] "GET /phpmyadmin/db_export.php?db=db_camisa&token=57f08deac0501eef4a42baf1e453f809&ajax_request=true&ajax_page_request=true&menuHashes=ffe9468f-668a9d82&_nocache=1778585491275661073 HTTP/1.1" 200 35992
::1 - - [12/May/2026:08:31:31 -0300] "GET /phpmyadmin/js/get_scripts.js.php?scripts[]=export.js HTTP/1.1" 200 5954
::1 - - [12/May/2026:08:31:35 -0300] "POST /phpmyadmin/export.php HTTP/1.1" 200 1310
::1 - - [12/May/2026:08:54:46 -0300] "GET / HTTP/1.1" 200 279
::1 - - [12/May/2026:08:54:48 -0300] "GET /20261_iw2_Guilherme/ HTTP/1.1" 200 2836
::1 - - [12/May/2026:08:54:56 -0300] "POST /20261_iw2_Guilherme/insert.php HTTP/1.1" 200 124
::1 - - [12/May/2026:08:54:59 -0300] "POST /20261_iw2_Guilherme/1consulta.php HTTP/1.1" 200 -
::1 - - [12/May/2026:08:55:00 -0300] "POST /20261_iw2_Guilherme/2consulta.php HTTP/1.1" 200 38
::1 - - [12/May/2026:08:58:42 -0300] "POST /20261_iw2_Guilherme/1consulta.php HTTP/1.1" 200 -
::1 - - [12/May/2026:08:58:44 -0300] "POST /20261_iw2_Guilherme/2consulta.php HTTP/1.1" 200 38
::1 - - [12/May/2026:08:58:45 -0300] "GET /20261_iw2_Guilherme/ HTTP/1.1" 304 -
::1 - - [12/May/2026:08:58:45 -0300] "POST /20261_iw2_Guilherme/1consulta.php HTTP/1.1" 200 -
::1 - - [12/May/2026:08:58:46 -0300] "POST /20261_iw2_Guilherme/2consulta.php HTTP/1.1" 200 38
::1 - - [12/May/2026:08:58:47 -0300] "POST /20261_iw2_Guilherme/2consulta.php HTTP/1.1" 200 38
::1 - - [12/May/2026:08:58:47 -0300] "POST /20261_iw2_Guilherme/1consulta.php HTTP/1.1" 200 -
::1 - - [12/May/2026:08:58:48 -0300] "GET /20261_iw2_Guilherme/ HTTP/1.1" 304 -
::1 - - [12/May/2026:08:58:49 -0300] "POST /20261_iw2_Guilherme/1consulta.php HTTP/1.1" 200 -
::1 - - [12/May/2026:09:00:26 -0300] "GET / HTTP/1.1" 200 279
::1 - - [12/May/2026:09:00:31 -0300] "GET /20261_iw2_Guilherme/ HTTP/1.1" 304 -
::1 - - [12/May/2026:09:00:33 -0300] "POST /20261_iw2_Guilherme/1consulta.php HTTP/1.1" 200 124
::1 - - [12/May/2026:09:00:34 -0300] "POST /20261_iw2_Guilherme/2consulta.php HTTP/1.1" 200 38
::1 - - [12/May/2026:09:00:36 -0300] "GET /20261_iw2_Guilherme/ HTTP/1.1" 304 -
::1 - - [12/May/2026:09:00:43 -0300] "POST /20261_iw2_Guilherme/insert.php HTTP/1.1" 200 156
::1 - - [12/May/2026:09:00:44 -0300] "POST /20261_iw2_Guilherme/1consulta.php HTTP/1.1" 200 156
::1 - - [12/May/2026:09:00:45 -0300] "POST /20261_iw2_Guilherme/2consulta.php HTTP/1.1" 200 50
::1 - - [12/May/2026:09:00:46 -0300] "POST /20261_iw2_Guilherme/1consulta.php HTTP/1.1" 200 156
::1 - - [12/May/2026:09:10:50 -0300] "GET /20261_iw2_Guilherme/ HTTP/1.1" 304 -
::1 - - [12/May/2026:09:11:24 -0300] "GET / HTTP/1.1" 200 279
::1 - - [12/May/2026:09:11:35 -0300] "POST /20261_iw2_Guilherme/insert.php HTTP/1.1" 200 189
::1 - - [12/May/2026:09:11:38 -0300] "POST /20261_iw2_Guilherme/2consulta.php HTTP/1.1" 200 63
::1 - - [12/May/2026:09:11:40 -0300] "POST /20261_iw2_Guilherme/1consulta.php HTTP/1.1" 200 189
::1 - - [12/May/2026:09:11:43 -0300] "GET /20261_iw2_Guilherme/ HTTP/1.1" 304 -
::1 - - [12/May/2026:09:11:45 -0300] "POST /20261_iw2_Guilherme/1consulta.php HTTP/1.1" 200 189
