2026-05-06 10:11:50 10964 [Note] Plugin 'FEDERATED' is disabled.
2026-05-06 10:11:50 10964 [Note] InnoDB: The InnoDB memory heap is disabled
2026-05-06 10:11:50 10964 [Note] InnoDB: Mutexes and rw_locks use Windows interlocked functions
2026-05-06 10:11:50 10964 [Note] InnoDB: Compressed tables use zlib 1.2.3
2026-05-06 10:11:50 10964 [Note] InnoDB: Not using CPU crc32 instructions
2026-05-06 10:11:50 10964 [Note] InnoDB: Initializing buffer pool, size = 128.0M
2026-05-06 10:11:50 10964 [Note] InnoDB: Completed initialization of buffer pool
2026-05-06 10:11:50 10964 [Note] InnoDB: Highest supported file format is Barracuda.
2026-05-06 10:11:50 10964 [Note] InnoDB: The log sequence numbers 1626676 and 1626676 in ibdata files do not match the log sequence number 1626716 in the ib_logfiles!
2026-05-06 10:11:50 10964 [Note] InnoDB: Database was not shutdown normally!
2026-05-06 10:11:50 10964 [Note] InnoDB: Starting crash recovery.
2026-05-06 10:11:50 10964 [Note] InnoDB: Reading tablespace information from the .ibd files...
2026-05-06 10:11:50 10964 [ERROR] InnoDB: Attempted to open a previously opened tablespace. Previous tablespace db_camisa/camisa uses space ID: 7 at filepath: .\db_camisa\camisa.ibd. Cannot open tablespace test/camisa which uses space ID: 7 at filepath: .\test\camisa.ibd
2026-05-06 10:11:50 4784  InnoDB: Operating system error number 203 in a file operation.
InnoDB: Some operating system error numbers are described at
InnoDB: http://dev.mysql.com/doc/refman/5.6/en/operating-system-error-codes.html
InnoDB: Error: could not open single-table tablespace file .\test\camisa.ibd
InnoDB: We do not continue the crash recovery, because the table may become
InnoDB: corrupt if we cannot apply the log records in the InnoDB log to it.
InnoDB: To fix the problem and start mysqld:
InnoDB: 1) If there is a permission problem in the file and mysqld cannot
InnoDB: open the file, you should modify the permissions.
InnoDB: 2) If the table is not needed, or you can restore it from a backup,
InnoDB: then you can remove the .ibd file, and InnoDB will do a normal
InnoDB: crash recovery and ignore that table.
InnoDB: 3) If the file system or the disk is broken, and you cannot remove
InnoDB: the .ibd file, you can set innodb_force_recovery > 0 in my.cnf
InnoDB: and force InnoDB to continue crash recovery here.
2026-05-06 10:12:11 14756 [Note] Plugin 'FEDERATED' is disabled.
2026-05-06 10:12:11 14756 [Note] InnoDB: The InnoDB memory heap is disabled
2026-05-06 10:12:11 14756 [Note] InnoDB: Mutexes and rw_locks use Windows interlocked functions
2026-05-06 10:12:11 14756 [Note] InnoDB: Compressed tables use zlib 1.2.3
2026-05-06 10:12:11 14756 [Note] InnoDB: Not using CPU crc32 instructions
2026-05-06 10:12:11 14756 [Note] InnoDB: Initializing buffer pool, size = 128.0M
2026-05-06 10:12:11 14756 [Note] InnoDB: Completed initialization of buffer pool
2026-05-06 10:12:11 14756 [Note] InnoDB: Highest supported file format is Barracuda.
2026-05-06 10:12:11 14756 [Note] InnoDB: The log sequence numbers 1626676 and 1626676 in ibdata files do not match the log sequence number 1626716 in the ib_logfiles!
2026-05-06 10:12:11 14756 [Note] InnoDB: Database was not shutdown normally!
2026-05-06 10:12:11 14756 [Note] InnoDB: Starting crash recovery.
2026-05-06 10:12:11 14756 [Note] InnoDB: Reading tablespace information from the .ibd files...
2026-05-06 10:12:11 14756 [ERROR] InnoDB: Attempted to open a previously opened tablespace. Previous tablespace db_camisa/camisa uses space ID: 7 at filepath: .\db_camisa\camisa.ibd. Cannot open tablespace test/camisa which uses space ID: 7 at filepath: .\test\camisa.ibd
2026-05-06 10:12:11 13d8  InnoDB: Operating system error number 203 in a file operation.
InnoDB: Some operating system error numbers are described at
InnoDB: http://dev.mysql.com/doc/refman/5.6/en/operating-system-error-codes.html
InnoDB: Error: could not open single-table tablespace file .\test\camisa.ibd
InnoDB: We do not continue the crash recovery, because the table may become
InnoDB: corrupt if we cannot apply the log records in the InnoDB log to it.
InnoDB: To fix the problem and start mysqld:
InnoDB: 1) If there is a permission problem in the file and mysqld cannot
InnoDB: open the file, you should modify the permissions.
InnoDB: 2) If the table is not needed, or you can restore it from a backup,
InnoDB: then you can remove the .ibd file, and InnoDB will do a normal
InnoDB: crash recovery and ignore that table.
InnoDB: 3) If the file system or the disk is broken, and you cannot remove
InnoDB: the .ibd file, you can set innodb_force_recovery > 0 in my.cnf
InnoDB: and force InnoDB to continue crash recovery here.
2026-05-06 10:12:53 10248 [Note] Plugin 'FEDERATED' is disabled.
2026-05-06 10:12:53 10248 [Note] InnoDB: The InnoDB memory heap is disabled
2026-05-06 10:12:53 10248 [Note] InnoDB: Mutexes and rw_locks use Windows interlocked functions
2026-05-06 10:12:53 10248 [Note] InnoDB: Compressed tables use zlib 1.2.3
2026-05-06 10:12:53 10248 [Note] InnoDB: Not using CPU crc32 instructions
2026-05-06 10:12:53 10248 [Note] InnoDB: Initializing buffer pool, size = 128.0M
2026-05-06 10:12:53 10248 [Note] InnoDB: Completed initialization of buffer pool
2026-05-06 10:12:53 10248 [Note] InnoDB: Highest supported file format is Barracuda.
2026-05-06 10:12:53 10248 [Note] InnoDB: The log sequence numbers 1626676 and 1626676 in ibdata files do not match the log sequence number 1626716 in the ib_logfiles!
2026-05-06 10:12:53 10248 [Note] InnoDB: Database was not shutdown normally!
2026-05-06 10:12:53 10248 [Note] InnoDB: Starting crash recovery.
2026-05-06 10:12:53 10248 [Note] InnoDB: Reading tablespace information from the .ibd files...
2026-05-06 10:12:53 10248 [ERROR] InnoDB: Attempted to open a previously opened tablespace. Previous tablespace db_camisa/camisa uses space ID: 7 at filepath: .\db_camisa\camisa.ibd. Cannot open tablespace test/camisa which uses space ID: 7 at filepath: .\test\camisa.ibd
2026-05-06 10:12:53 4314  InnoDB: Operating system error number 203 in a file operation.
InnoDB: Some operating system error numbers are described at
InnoDB: http://dev.mysql.com/doc/refman/5.6/en/operating-system-error-codes.html
InnoDB: Error: could not open single-table tablespace file .\test\camisa.ibd
InnoDB: We do not continue the crash recovery, because the table may become
InnoDB: corrupt if we cannot apply the log records in the InnoDB log to it.
InnoDB: To fix the problem and start mysqld:
InnoDB: 1) If there is a permission problem in the file and mysqld cannot
InnoDB: open the file, you should modify the permissions.
InnoDB: 2) If the table is not needed, or you can restore it from a backup,
InnoDB: then you can remove the .ibd file, and InnoDB will do a normal
InnoDB: crash recovery and ignore that table.
InnoDB: 3) If the file system or the disk is broken, and you cannot remove
InnoDB: the .ibd file, you can set innodb_force_recovery > 0 in my.cnf
InnoDB: and force InnoDB to continue crash recovery here.
2026-05-06 10:12:55 14360 [Note] Plugin 'FEDERATED' is disabled.
2026-05-06 10:12:55 14360 [Note] InnoDB: The InnoDB memory heap is disabled
2026-05-06 10:12:55 14360 [Note] InnoDB: Mutexes and rw_locks use Windows interlocked functions
2026-05-06 10:12:55 14360 [Note] InnoDB: Compressed tables use zlib 1.2.3
2026-05-06 10:12:55 14360 [Note] InnoDB: Not using CPU crc32 instructions
2026-05-06 10:12:55 14360 [Note] InnoDB: Initializing buffer pool, size = 128.0M
2026-05-06 10:12:55 14360 [Note] InnoDB: Completed initialization of buffer pool
2026-05-06 10:12:55 14360 [Note] InnoDB: Highest supported file format is Barracuda.
2026-05-06 10:12:55 14360 [Note] InnoDB: The log sequence numbers 1626676 and 1626676 in ibdata files do not match the log sequence number 1626716 in the ib_logfiles!
2026-05-06 10:12:55 14360 [Note] InnoDB: Database was not shutdown normally!
2026-05-06 10:12:55 14360 [Note] InnoDB: Starting crash recovery.
2026-05-06 10:12:55 14360 [Note] InnoDB: Reading tablespace information from the .ibd files...
2026-05-06 10:12:55 14360 [ERROR] InnoDB: Attempted to open a previously opened tablespace. Previous tablespace db_camisa/camisa uses space ID: 7 at filepath: .\db_camisa\camisa.ibd. Cannot open tablespace test/camisa which uses space ID: 7 at filepath: .\test\camisa.ibd
2026-05-06 10:12:55 37fc  InnoDB: Operating system error number 203 in a file operation.
InnoDB: Some operating system error numbers are described at
InnoDB: http://dev.mysql.com/doc/refman/5.6/en/operating-system-error-codes.html
InnoDB: Error: could not open single-table tablespace file .\test\camisa.ibd
InnoDB: We do not continue the crash recovery, because the table may become
InnoDB: corrupt if we cannot apply the log records in the InnoDB log to it.
InnoDB: To fix the problem and start mysqld:
InnoDB: 1) If there is a permission problem in the file and mysqld cannot
InnoDB: open the file, you should modify the permissions.
InnoDB: 2) If the table is not needed, or you can restore it from a backup,
InnoDB: then you can remove the .ibd file, and InnoDB will do a normal
InnoDB: crash recovery and ignore that table.
InnoDB: 3) If the file system or the disk is broken, and you cannot remove
InnoDB: the .ibd file, you can set innodb_force_recovery > 0 in my.cnf
InnoDB: and force InnoDB to continue crash recovery here.
2026-05-06 10:13:25 14432 [Note] Plugin 'FEDERATED' is disabled.
2026-05-06 10:13:25 14432 [Note] InnoDB: The InnoDB memory heap is disabled
2026-05-06 10:13:25 14432 [Note] InnoDB: Mutexes and rw_locks use Windows interlocked functions
2026-05-06 10:13:25 14432 [Note] InnoDB: Compressed tables use zlib 1.2.3
2026-05-06 10:13:25 14432 [Note] InnoDB: Not using CPU crc32 instructions
2026-05-06 10:13:25 14432 [Note] InnoDB: Initializing buffer pool, size = 128.0M
2026-05-06 10:13:25 14432 [Note] InnoDB: Completed initialization of buffer pool
2026-05-06 10:13:25 14432 [Note] InnoDB: Highest supported file format is Barracuda.
2026-05-06 10:13:25 14432 [Note] InnoDB: The log sequence numbers 1626676 and 1626676 in ibdata files do not match the log sequence number 1626716 in the ib_logfiles!
2026-05-06 10:13:25 14432 [Note] InnoDB: Database was not shutdown normally!
2026-05-06 10:13:25 14432 [Note] InnoDB: Starting crash recovery.
2026-05-06 10:13:25 14432 [Note] InnoDB: Reading tablespace information from the .ibd files...
2026-05-06 10:13:25 14432 [ERROR] InnoDB: Attempted to open a previously opened tablespace. Previous tablespace db_camisa/camisa uses space ID: 7 at filepath: .\db_camisa\camisa.ibd. Cannot open tablespace test/camisa which uses space ID: 7 at filepath: .\test\camisa.ibd
2026-05-06 10:13:25 3170  InnoDB: Operating system error number 203 in a file operation.
InnoDB: Some operating system error numbers are described at
InnoDB: http://dev.mysql.com/doc/refman/5.6/en/operating-system-error-codes.html
InnoDB: Error: could not open single-table tablespace file .\test\camisa.ibd
InnoDB: We do not continue the crash recovery, because the table may become
InnoDB: corrupt if we cannot apply the log records in the InnoDB log to it.
InnoDB: To fix the problem and start mysqld:
InnoDB: 1) If there is a permission problem in the file and mysqld cannot
InnoDB: open the file, you should modify the permissions.
InnoDB: 2) If the table is not needed, or you can restore it from a backup,
InnoDB: then you can remove the .ibd file, and InnoDB will do a normal
InnoDB: crash recovery and ignore that table.
InnoDB: 3) If the file system or the disk is broken, and you cannot remove
InnoDB: the .ibd file, you can set innodb_force_recovery > 0 in my.cnf
InnoDB: and force InnoDB to continue crash recovery here.
2026-05-06 10:13:32 13292 [Note] Plugin 'FEDERATED' is disabled.
2026-05-06 10:13:32 13292 [Note] InnoDB: The InnoDB memory heap is disabled
2026-05-06 10:13:32 13292 [Note] InnoDB: Mutexes and rw_locks use Windows interlocked functions
2026-05-06 10:13:32 13292 [Note] InnoDB: Compressed tables use zlib 1.2.3
2026-05-06 10:13:32 13292 [Note] InnoDB: Not using CPU crc32 instructions
2026-05-06 10:13:32 13292 [Note] InnoDB: Initializing buffer pool, size = 128.0M
2026-05-06 10:13:32 13292 [Note] InnoDB: Completed initialization of buffer pool
2026-05-06 10:13:32 13292 [Note] InnoDB: Highest supported file format is Barracuda.
2026-05-06 10:13:32 13292 [Note] InnoDB: The log sequence numbers 1626676 and 1626676 in ibdata files do not match the log sequence number 1626716 in the ib_logfiles!
2026-05-06 10:13:32 13292 [Note] InnoDB: Database was not shutdown normally!
2026-05-06 10:13:32 13292 [Note] InnoDB: Starting crash recovery.
2026-05-06 10:13:32 13292 [Note] InnoDB: Reading tablespace information from the .ibd files...
2026-05-06 10:13:32 13292 [ERROR] InnoDB: Attempted to open a previously opened tablespace. Previous tablespace db_camisa/camisa uses space ID: 7 at filepath: .\db_camisa\camisa.ibd. Cannot open tablespace test/camisa which uses space ID: 7 at filepath: .\test\camisa.ibd
2026-05-06 10:13:32 3de0  InnoDB: Operating system error number 203 in a file operation.
InnoDB: Some operating system error numbers are described at
InnoDB: http://dev.mysql.com/doc/refman/5.6/en/operating-system-error-codes.html
InnoDB: Error: could not open single-table tablespace file .\test\camisa.ibd
InnoDB: We do not continue the crash recovery, because the table may become
InnoDB: corrupt if we cannot apply the log records in the InnoDB log to it.
InnoDB: To fix the problem and start mysqld:
InnoDB: 1) If there is a permission problem in the file and mysqld cannot
InnoDB: open the file, you should modify the permissions.
InnoDB: 2) If the table is not needed, or you can restore it from a backup,
InnoDB: then you can remove the .ibd file, and InnoDB will do a normal
InnoDB: crash recovery and ignore that table.
InnoDB: 3) If the file system or the disk is broken, and you cannot remove
InnoDB: the .ibd file, you can set innodb_force_recovery > 0 in my.cnf
InnoDB: and force InnoDB to continue crash recovery here.
2026-05-06 10:14:43 10844 [Note] Plugin 'FEDERATED' is disabled.
2026-05-06 10:14:43 10844 [Note] InnoDB: The InnoDB memory heap is disabled
2026-05-06 10:14:43 10844 [Note] InnoDB: Mutexes and rw_locks use Windows interlocked functions
2026-05-06 10:14:43 10844 [Note] InnoDB: Compressed tables use zlib 1.2.3
2026-05-06 10:14:43 10844 [Note] InnoDB: Not using CPU crc32 instructions
2026-05-06 10:14:43 10844 [Note] InnoDB: Initializing buffer pool, size = 128.0M
2026-05-06 10:14:43 10844 [Note] InnoDB: Completed initialization of buffer pool
2026-05-06 10:14:43 10844 [Note] InnoDB: Highest supported file format is Barracuda.
2026-05-06 10:14:43 10844 [Note] InnoDB: The log sequence numbers 1626676 and 1626676 in ibdata files do not match the log sequence number 1626716 in the ib_logfiles!
2026-05-06 10:14:43 10844 [Note] InnoDB: Database was not shutdown normally!
2026-05-06 10:14:43 10844 [Note] InnoDB: Starting crash recovery.
2026-05-06 10:14:43 10844 [Note] InnoDB: Reading tablespace information from the .ibd files...
2026-05-06 10:14:43 10844 [ERROR] InnoDB: Attempted to open a previously opened tablespace. Previous tablespace db_camisa/camisa uses space ID: 7 at filepath: .\db_camisa\camisa.ibd. Cannot open tablespace test/camisa which uses space ID: 7 at filepath: .\test\camisa.ibd
2026-05-06 10:14:43 2168  InnoDB: Operating system error number 203 in a file operation.
InnoDB: Some operating system error numbers are described at
InnoDB: http://dev.mysql.com/doc/refman/5.6/en/operating-system-error-codes.html
InnoDB: Error: could not open single-table tablespace file .\test\camisa.ibd
InnoDB: We do not continue the crash recovery, because the table may become
InnoDB: corrupt if we cannot apply the log records in the InnoDB log to it.
InnoDB: To fix the problem and start mysqld:
InnoDB: 1) If there is a permission problem in the file and mysqld cannot
InnoDB: open the file, you should modify the permissions.
InnoDB: 2) If the table is not needed, or you can restore it from a backup,
InnoDB: then you can remove the .ibd file, and InnoDB will do a normal
InnoDB: crash recovery and ignore that table.
InnoDB: 3) If the file system or the disk is broken, and you cannot remove
InnoDB: the .ibd file, you can set innodb_force_recovery > 0 in my.cnf
InnoDB: and force InnoDB to continue crash recovery here.
2026-05-06 10:14:53 6148 [Note] Plugin 'FEDERATED' is disabled.
2026-05-06 10:14:53 6148 [Note] InnoDB: The InnoDB memory heap is disabled
2026-05-06 10:14:53 6148 [Note] InnoDB: Mutexes and rw_locks use Windows interlocked functions
2026-05-06 10:14:53 6148 [Note] InnoDB: Compressed tables use zlib 1.2.3
2026-05-06 10:14:53 6148 [Note] InnoDB: Not using CPU crc32 instructions
2026-05-06 10:14:53 6148 [Note] InnoDB: Initializing buffer pool, size = 128.0M
2026-05-06 10:14:53 6148 [Note] InnoDB: Completed initialization of buffer pool
2026-05-06 10:14:53 6148 [Note] InnoDB: Highest supported file format is Barracuda.
2026-05-06 10:14:53 6148 [Note] InnoDB: The log sequence numbers 1626676 and 1626676 in ibdata files do not match the log sequence number 1626716 in the ib_logfiles!
2026-05-06 10:14:53 6148 [Note] InnoDB: Database was not shutdown normally!
2026-05-06 10:14:53 6148 [Note] InnoDB: Starting crash recovery.
2026-05-06 10:14:53 6148 [Note] InnoDB: Reading tablespace information from the .ibd files...
2026-05-06 10:14:53 6148 [ERROR] InnoDB: Attempted to open a previously opened tablespace. Previous tablespace db_camisa/camisa uses space ID: 7 at filepath: .\db_camisa\camisa.ibd. Cannot open tablespace test/camisa which uses space ID: 7 at filepath: .\test\camisa.ibd
2026-05-06 10:14:53 2c5c  InnoDB: Operating system error number 203 in a file operation.
InnoDB: Some operating system error numbers are described at
InnoDB: http://dev.mysql.com/doc/refman/5.6/en/operating-system-error-codes.html
InnoDB: Error: could not open single-table tablespace file .\test\camisa.ibd
InnoDB: We do not continue the crash recovery, because the table may become
InnoDB: corrupt if we cannot apply the log records in the InnoDB log to it.
InnoDB: To fix the problem and start mysqld:
InnoDB: 1) If there is a permission problem in the file and mysqld cannot
InnoDB: open the file, you should modify the permissions.
InnoDB: 2) If the table is not needed, or you can restore it from a backup,
InnoDB: then you can remove the .ibd file, and InnoDB will do a normal
InnoDB: crash recovery and ignore that table.
InnoDB: 3) If the file system or the disk is broken, and you cannot remove
InnoDB: the .ibd file, you can set innodb_force_recovery > 0 in my.cnf
InnoDB: and force InnoDB to continue crash recovery here.
2026-05-06 10:15:04 18276 [Note] Plugin 'FEDERATED' is disabled.
2026-05-06 10:15:04 18276 [Note] InnoDB: The InnoDB memory heap is disabled
2026-05-06 10:15:04 18276 [Note] InnoDB: Mutexes and rw_locks use Windows interlocked functions
2026-05-06 10:15:04 18276 [Note] InnoDB: Compressed tables use zlib 1.2.3
2026-05-06 10:15:04 18276 [Note] InnoDB: Not using CPU crc32 instructions
2026-05-06 10:15:04 18276 [Note] InnoDB: Initializing buffer pool, size = 128.0M
2026-05-06 10:15:04 18276 [Note] InnoDB: Completed initialization of buffer pool
2026-05-06 10:15:04 18276 [Note] InnoDB: Highest supported file format is Barracuda.
2026-05-06 10:15:04 18276 [Note] InnoDB: The log sequence numbers 1626676 and 1626676 in ibdata files do not match the log sequence number 1626716 in the ib_logfiles!
2026-05-06 10:15:04 18276 [Note] InnoDB: Database was not shutdown normally!
2026-05-06 10:15:04 18276 [Note] InnoDB: Starting crash recovery.
2026-05-06 10:15:04 18276 [Note] InnoDB: Reading tablespace information from the .ibd files...
2026-05-06 10:15:04 18276 [ERROR] InnoDB: Attempted to open a previously opened tablespace. Previous tablespace db_camisa/camisa uses space ID: 7 at filepath: .\db_camisa\camisa.ibd. Cannot open tablespace test/camisa which uses space ID: 7 at filepath: .\test\camisa.ibd
2026-05-06 10:15:04 1770  InnoDB: Operating system error number 203 in a file operation.
InnoDB: Some operating system error numbers are described at
InnoDB: http://dev.mysql.com/doc/refman/5.6/en/operating-system-error-codes.html
InnoDB: Error: could not open single-table tablespace file .\test\camisa.ibd
InnoDB: We do not continue the crash recovery, because the table may become
InnoDB: corrupt if we cannot apply the log records in the InnoDB log to it.
InnoDB: To fix the problem and start mysqld:
InnoDB: 1) If there is a permission problem in the file and mysqld cannot
InnoDB: open the file, you should modify the permissions.
InnoDB: 2) If the table is not needed, or you can restore it from a backup,
InnoDB: then you can remove the .ibd file, and InnoDB will do a normal
InnoDB: crash recovery and ignore that table.
InnoDB: 3) If the file system or the disk is broken, and you cannot remove
InnoDB: the .ibd file, you can set innodb_force_recovery > 0 in my.cnf
InnoDB: and force InnoDB to continue crash recovery here.
2026-05-06 10:15:09 14448 [Note] Plugin 'FEDERATED' is disabled.
2026-05-06 10:15:09 14448 [Note] InnoDB: The InnoDB memory heap is disabled
2026-05-06 10:15:09 14448 [Note] InnoDB: Mutexes and rw_locks use Windows interlocked functions
2026-05-06 10:15:09 14448 [Note] InnoDB: Compressed tables use zlib 1.2.3
2026-05-06 10:15:09 14448 [Note] InnoDB: Not using CPU crc32 instructions
2026-05-06 10:15:09 14448 [Note] InnoDB: Initializing buffer pool, size = 128.0M
2026-05-06 10:15:09 14448 [Note] InnoDB: Completed initialization of buffer pool
2026-05-06 10:15:09 14448 [Note] InnoDB: Highest supported file format is Barracuda.
2026-05-06 10:15:09 14448 [Note] InnoDB: The log sequence numbers 1626676 and 1626676 in ibdata files do not match the log sequence number 1626716 in the ib_logfiles!
2026-05-06 10:15:09 14448 [Note] InnoDB: Database was not shutdown normally!
2026-05-06 10:15:09 14448 [Note] InnoDB: Starting crash recovery.
2026-05-06 10:15:09 14448 [Note] InnoDB: Reading tablespace information from the .ibd files...
2026-05-06 10:15:09 14448 [ERROR] InnoDB: Attempted to open a previously opened tablespace. Previous tablespace db_camisa/camisa uses space ID: 7 at filepath: .\db_camisa\camisa.ibd. Cannot open tablespace test/camisa which uses space ID: 7 at filepath: .\test\camisa.ibd
2026-05-06 10:15:09 18f8  InnoDB: Operating system error number 203 in a file operation.
InnoDB: Some operating system error numbers are described at
InnoDB: http://dev.mysql.com/doc/refman/5.6/en/operating-system-error-codes.html
InnoDB: Error: could not open single-table tablespace file .\test\camisa.ibd
InnoDB: We do not continue the crash recovery, because the table may become
InnoDB: corrupt if we cannot apply the log records in the InnoDB log to it.
InnoDB: To fix the problem and start mysqld:
InnoDB: 1) If there is a permission problem in the file and mysqld cannot
InnoDB: open the file, you should modify the permissions.
InnoDB: 2) If the table is not needed, or you can restore it from a backup,
InnoDB: then you can remove the .ibd file, and InnoDB will do a normal
InnoDB: crash recovery and ignore that table.
InnoDB: 3) If the file system or the disk is broken, and you cannot remove
InnoDB: the .ibd file, you can set innodb_force_recovery > 0 in my.cnf
InnoDB: and force InnoDB to continue crash recovery here.
2026-05-06 10:15:25 13868 [Note] Plugin 'FEDERATED' is disabled.
2026-05-06 10:15:25 13868 [Note] InnoDB: The InnoDB memory heap is disabled
2026-05-06 10:15:25 13868 [Note] InnoDB: Mutexes and rw_locks use Windows interlocked functions
2026-05-06 10:15:25 13868 [Note] InnoDB: Compressed tables use zlib 1.2.3
2026-05-06 10:15:25 13868 [Note] InnoDB: Not using CPU crc32 instructions
2026-05-06 10:15:25 13868 [Note] InnoDB: Initializing buffer pool, size = 128.0M
2026-05-06 10:15:25 13868 [Note] InnoDB: Completed initialization of buffer pool
2026-05-06 10:15:25 13868 [Note] InnoDB: Highest supported file format is Barracuda.
2026-05-06 10:15:25 13868 [Note] InnoDB: The log sequence numbers 1626676 and 1626676 in ibdata files do not match the log sequence number 1626716 in the ib_logfiles!
2026-05-06 10:15:25 13868 [Note] InnoDB: Database was not shutdown normally!
2026-05-06 10:15:25 13868 [Note] InnoDB: Starting crash recovery.
2026-05-06 10:15:25 13868 [Note] InnoDB: Reading tablespace information from the .ibd files...
2026-05-06 10:15:25 13868 [ERROR] InnoDB: Attempted to open a previously opened tablespace. Previous tablespace db_camisa/camisa uses space ID: 7 at filepath: .\db_camisa\camisa.ibd. Cannot open tablespace test/camisa which uses space ID: 7 at filepath: .\test\camisa.ibd
2026-05-06 10:15:25 6f4  InnoDB: Operating system error number 203 in a file operation.
InnoDB: Some operating system error numbers are described at
InnoDB: http://dev.mysql.com/doc/refman/5.6/en/operating-system-error-codes.html
InnoDB: Error: could not open single-table tablespace file .\test\camisa.ibd
InnoDB: We do not continue the crash recovery, because the table may become
InnoDB: corrupt if we cannot apply the log records in the InnoDB log to it.
InnoDB: To fix the problem and start mysqld:
InnoDB: 1) If there is a permission problem in the file and mysqld cannot
InnoDB: open the file, you should modify the permissions.
InnoDB: 2) If the table is not needed, or you can restore it from a backup,
InnoDB: then you can remove the .ibd file, and InnoDB will do a normal
InnoDB: crash recovery and ignore that table.
InnoDB: 3) If the file system or the disk is broken, and you cannot remove
InnoDB: the .ibd file, you can set innodb_force_recovery > 0 in my.cnf
InnoDB: and force InnoDB to continue crash recovery here.
2026-05-06 10:15:57 17980 [Note] Plugin 'FEDERATED' is disabled.
2026-05-06 10:15:57 17980 [Note] InnoDB: The InnoDB memory heap is disabled
2026-05-06 10:15:57 17980 [Note] InnoDB: Mutexes and rw_locks use Windows interlocked functions
2026-05-06 10:15:57 17980 [Note] InnoDB: Compressed tables use zlib 1.2.3
2026-05-06 10:15:57 17980 [Note] InnoDB: Not using CPU crc32 instructions
2026-05-06 10:15:57 17980 [Note] InnoDB: Initializing buffer pool, size = 128.0M
2026-05-06 10:15:57 17980 [Note] InnoDB: Completed initialization of buffer pool
2026-05-06 10:15:57 17980 [Note] InnoDB: Highest supported file format is Barracuda.
2026-05-06 10:15:57 17980 [Note] InnoDB: The log sequence numbers 1626676 and 1626676 in ibdata files do not match the log sequence number 1626716 in the ib_logfiles!
2026-05-06 10:15:57 17980 [Note] InnoDB: Database was not shutdown normally!
2026-05-06 10:15:57 17980 [Note] InnoDB: Starting crash recovery.
2026-05-06 10:15:57 17980 [Note] InnoDB: Reading tablespace information from the .ibd files...
2026-05-06 10:15:57 17980 [ERROR] InnoDB: Attempted to open a previously opened tablespace. Previous tablespace db_camisa/camisa uses space ID: 7 at filepath: .\db_camisa\camisa.ibd. Cannot open tablespace test/camisa which uses space ID: 7 at filepath: .\test\camisa.ibd
2026-05-06 10:15:57 3858  InnoDB: Operating system error number 203 in a file operation.
InnoDB: Some operating system error numbers are described at
InnoDB: http://dev.mysql.com/doc/refman/5.6/en/operating-system-error-codes.html
InnoDB: Error: could not open single-table tablespace file .\test\camisa.ibd
InnoDB: We do not continue the crash recovery, because the table may become
InnoDB: corrupt if we cannot apply the log records in the InnoDB log to it.
InnoDB: To fix the problem and start mysqld:
InnoDB: 1) If there is a permission problem in the file and mysqld cannot
InnoDB: open the file, you should modify the permissions.
InnoDB: 2) If the table is not needed, or you can restore it from a backup,
InnoDB: then you can remove the .ibd file, and InnoDB will do a normal
InnoDB: crash recovery and ignore that table.
InnoDB: 3) If the file system or the disk is broken, and you cannot remove
InnoDB: the .ibd file, you can set innodb_force_recovery > 0 in my.cnf
InnoDB: and force InnoDB to continue crash recovery here.
2026-05-06 10:16:03 4292 [Note] Plugin 'FEDERATED' is disabled.
2026-05-06 10:16:03 4292 [Note] InnoDB: The InnoDB memory heap is disabled
2026-05-06 10:16:03 4292 [Note] InnoDB: Mutexes and rw_locks use Windows interlocked functions
2026-05-06 10:16:03 4292 [Note] InnoDB: Compressed tables use zlib 1.2.3
2026-05-06 10:16:03 4292 [Note] InnoDB: Not using CPU crc32 instructions
2026-05-06 10:16:03 4292 [Note] InnoDB: Initializing buffer pool, size = 128.0M
2026-05-06 10:16:03 4292 [Note] InnoDB: Completed initialization of buffer pool
2026-05-06 10:16:03 4292 [Note] InnoDB: Highest supported file format is Barracuda.
2026-05-06 10:16:03 4292 [Note] InnoDB: The log sequence numbers 1626676 and 1626676 in ibdata files do not match the log sequence number 1626716 in the ib_logfiles!
2026-05-06 10:16:03 4292 [Note] InnoDB: Database was not shutdown normally!
2026-05-06 10:16:03 4292 [Note] InnoDB: Starting crash recovery.
2026-05-06 10:16:03 4292 [Note] InnoDB: Reading tablespace information from the .ibd files...
2026-05-06 10:16:03 4292 [ERROR] InnoDB: Attempted to open a previously opened tablespace. Previous tablespace db_camisa/camisa uses space ID: 7 at filepath: .\db_camisa\camisa.ibd. Cannot open tablespace test/camisa which uses space ID: 7 at filepath: .\test\camisa.ibd
2026-05-06 10:16:03 3074  InnoDB: Operating system error number 203 in a file operation.
InnoDB: Some operating system error numbers are described at
InnoDB: http://dev.mysql.com/doc/refman/5.6/en/operating-system-error-codes.html
InnoDB: Error: could not open single-table tablespace file .\test\camisa.ibd
InnoDB: We do not continue the crash recovery, because the table may become
InnoDB: corrupt if we cannot apply the log records in the InnoDB log to it.
InnoDB: To fix the problem and start mysqld:
InnoDB: 1) If there is a permission problem in the file and mysqld cannot
InnoDB: open the file, you should modify the permissions.
InnoDB: 2) If the table is not needed, or you can restore it from a backup,
InnoDB: then you can remove the .ibd file, and InnoDB will do a normal
InnoDB: crash recovery and ignore that table.
InnoDB: 3) If the file system or the disk is broken, and you cannot remove
InnoDB: the .ibd file, you can set innodb_force_recovery > 0 in my.cnf
InnoDB: and force InnoDB to continue crash recovery here.
2026-05-06 10:16:12 12020 [Note] Plugin 'FEDERATED' is disabled.
2026-05-06 10:16:12 12020 [Note] InnoDB: The InnoDB memory heap is disabled
2026-05-06 10:16:12 12020 [Note] InnoDB: Mutexes and rw_locks use Windows interlocked functions
2026-05-06 10:16:12 12020 [Note] InnoDB: Compressed tables use zlib 1.2.3
2026-05-06 10:16:12 12020 [Note] InnoDB: Not using CPU crc32 instructions
2026-05-06 10:16:12 12020 [Note] InnoDB: Initializing buffer pool, size = 128.0M
2026-05-06 10:16:12 12020 [Note] InnoDB: Completed initialization of buffer pool
2026-05-06 10:16:12 12020 [Note] InnoDB: Highest supported file format is Barracuda.
2026-05-06 10:16:12 12020 [Note] InnoDB: The log sequence numbers 1626676 and 1626676 in ibdata files do not match the log sequence number 1626716 in the ib_logfiles!
2026-05-06 10:16:12 12020 [Note] InnoDB: Database was not shutdown normally!
2026-05-06 10:16:12 12020 [Note] InnoDB: Starting crash recovery.
2026-05-06 10:16:12 12020 [Note] InnoDB: Reading tablespace information from the .ibd files...
2026-05-06 10:16:12 12020 [ERROR] InnoDB: Attempted to open a previously opened tablespace. Previous tablespace db_camisa/camisa uses space ID: 7 at filepath: .\db_camisa\camisa.ibd. Cannot open tablespace test/camisa which uses space ID: 7 at filepath: .\test\camisa.ibd
2026-05-06 10:16:12 4444  InnoDB: Operating system error number 203 in a file operation.
InnoDB: Some operating system error numbers are described at
InnoDB: http://dev.mysql.com/doc/refman/5.6/en/operating-system-error-codes.html
InnoDB: Error: could not open single-table tablespace file .\test\camisa.ibd
InnoDB: We do not continue the crash recovery, because the table may become
InnoDB: corrupt if we cannot apply the log records in the InnoDB log to it.
InnoDB: To fix the problem and start mysqld:
InnoDB: 1) If there is a permission problem in the file and mysqld cannot
InnoDB: open the file, you should modify the permissions.
InnoDB: 2) If the table is not needed, or you can restore it from a backup,
InnoDB: then you can remove the .ibd file, and InnoDB will do a normal
InnoDB: crash recovery and ignore that table.
InnoDB: 3) If the file system or the disk is broken, and you cannot remove
InnoDB: the .ibd file, you can set innodb_force_recovery > 0 in my.cnf
InnoDB: and force InnoDB to continue crash recovery here.
2026-05-06 10:17:38 8588 [Note] Plugin 'FEDERATED' is disabled.
2026-05-06 10:17:38 8588 [Note] InnoDB: The InnoDB memory heap is disabled
2026-05-06 10:17:38 8588 [Note] InnoDB: Mutexes and rw_locks use Windows interlocked functions
2026-05-06 10:17:38 8588 [Note] InnoDB: Compressed tables use zlib 1.2.3
2026-05-06 10:17:38 8588 [Note] InnoDB: Not using CPU crc32 instructions
2026-05-06 10:17:38 8588 [Note] InnoDB: Initializing buffer pool, size = 128.0M
2026-05-06 10:17:38 8588 [Note] InnoDB: Completed initialization of buffer pool
2026-05-06 10:17:38 8588 [Note] InnoDB: Highest supported file format is Barracuda.
2026-05-06 10:17:38 8588 [Note] InnoDB: The log sequence numbers 1626676 and 1626676 in ibdata files do not match the log sequence number 1626716 in the ib_logfiles!
2026-05-06 10:17:38 8588 [Note] InnoDB: Database was not shutdown normally!
2026-05-06 10:17:38 8588 [Note] InnoDB: Starting crash recovery.
2026-05-06 10:17:38 8588 [Note] InnoDB: Reading tablespace information from the .ibd files...
2026-05-06 10:17:38 8588 [ERROR] InnoDB: Attempted to open a previously opened tablespace. Previous tablespace db_camisa/camisa uses space ID: 7 at filepath: .\db_camisa\camisa.ibd. Cannot open tablespace test/camisa which uses space ID: 7 at filepath: .\test\camisa.ibd
2026-05-06 10:17:38 2b3c  InnoDB: Operating system error number 203 in a file operation.
InnoDB: Some operating system error numbers are described at
InnoDB: http://dev.mysql.com/doc/refman/5.6/en/operating-system-error-codes.html
InnoDB: Error: could not open single-table tablespace file .\test\camisa.ibd
InnoDB: We do not continue the crash recovery, because the table may become
InnoDB: corrupt if we cannot apply the log records in the InnoDB log to it.
InnoDB: To fix the problem and start mysqld:
InnoDB: 1) If there is a permission problem in the file and mysqld cannot
InnoDB: open the file, you should modify the permissions.
InnoDB: 2) If the table is not needed, or you can restore it from a backup,
InnoDB: then you can remove the .ibd file, and InnoDB will do a normal
InnoDB: crash recovery and ignore that table.
InnoDB: 3) If the file system or the disk is broken, and you cannot remove
InnoDB: the .ibd file, you can set innodb_force_recovery > 0 in my.cnf
InnoDB: and force InnoDB to continue crash recovery here.
2026-05-06 10:17:51 11784 [Note] Plugin 'FEDERATED' is disabled.
2026-05-06 10:17:51 11784 [Note] InnoDB: The InnoDB memory heap is disabled
2026-05-06 10:17:51 11784 [Note] InnoDB: Mutexes and rw_locks use Windows interlocked functions
2026-05-06 10:17:51 11784 [Note] InnoDB: Compressed tables use zlib 1.2.3
2026-05-06 10:17:51 11784 [Note] InnoDB: Not using CPU crc32 instructions
2026-05-06 10:17:51 11784 [Note] InnoDB: Initializing buffer pool, size = 128.0M
2026-05-06 10:17:51 11784 [Note] InnoDB: Completed initialization of buffer pool
2026-05-06 10:17:51 11784 [Note] InnoDB: Highest supported file format is Barracuda.
2026-05-06 10:17:51 11784 [Note] InnoDB: The log sequence numbers 1626676 and 1626676 in ibdata files do not match the log sequence number 1626716 in the ib_logfiles!
2026-05-06 10:17:51 11784 [Note] InnoDB: Database was not shutdown normally!
2026-05-06 10:17:51 11784 [Note] InnoDB: Starting crash recovery.
2026-05-06 10:17:51 11784 [Note] InnoDB: Reading tablespace information from the .ibd files...
2026-05-06 10:17:51 11784 [ERROR] InnoDB: Attempted to open a previously opened tablespace. Previous tablespace db_camisa/camisa uses space ID: 7 at filepath: .\db_camisa\camisa.ibd. Cannot open tablespace test/camisa which uses space ID: 7 at filepath: .\test\camisa.ibd
2026-05-06 10:17:51 1ae0  InnoDB: Operating system error number 203 in a file operation.
InnoDB: Some operating system error numbers are described at
InnoDB: http://dev.mysql.com/doc/refman/5.6/en/operating-system-error-codes.html
InnoDB: Error: could not open single-table tablespace file .\test\camisa.ibd
InnoDB: We do not continue the crash recovery, because the table may become
InnoDB: corrupt if we cannot apply the log records in the InnoDB log to it.
InnoDB: To fix the problem and start mysqld:
InnoDB: 1) If there is a permission problem in the file and mysqld cannot
InnoDB: open the file, you should modify the permissions.
InnoDB: 2) If the table is not needed, or you can restore it from a backup,
InnoDB: then you can remove the .ibd file, and InnoDB will do a normal
InnoDB: crash recovery and ignore that table.
InnoDB: 3) If the file system or the disk is broken, and you cannot remove
InnoDB: the .ibd file, you can set innodb_force_recovery > 0 in my.cnf
InnoDB: and force InnoDB to continue crash recovery here.
2026-05-06 10:17:57 15840 [Note] Plugin 'FEDERATED' is disabled.
2026-05-06 10:17:57 15840 [Note] InnoDB: The InnoDB memory heap is disabled
2026-05-06 10:17:57 15840 [Note] InnoDB: Mutexes and rw_locks use Windows interlocked functions
2026-05-06 10:17:57 15840 [Note] InnoDB: Compressed tables use zlib 1.2.3
2026-05-06 10:17:57 15840 [Note] InnoDB: Not using CPU crc32 instructions
2026-05-06 10:17:57 15840 [Note] InnoDB: Initializing buffer pool, size = 128.0M
2026-05-06 10:17:57 15840 [Note] InnoDB: Completed initialization of buffer pool
2026-05-06 10:17:57 15840 [Note] InnoDB: Highest supported file format is Barracuda.
2026-05-06 10:17:57 15840 [Note] InnoDB: The log sequence numbers 1626676 and 1626676 in ibdata files do not match the log sequence number 1626716 in the ib_logfiles!
2026-05-06 10:17:57 15840 [Note] InnoDB: Database was not shutdown normally!
2026-05-06 10:17:57 15840 [Note] InnoDB: Starting crash recovery.
2026-05-06 10:17:57 15840 [Note] InnoDB: Reading tablespace information from the .ibd files...
2026-05-06 10:17:57 15840 [ERROR] InnoDB: Attempted to open a previously opened tablespace. Previous tablespace db_camisa/camisa uses space ID: 7 at filepath: .\db_camisa\camisa.ibd. Cannot open tablespace test/camisa which uses space ID: 7 at filepath: .\test\camisa.ibd
2026-05-06 10:17:57 3e1c  InnoDB: Operating system error number 203 in a file operation.
InnoDB: Some operating system error numbers are described at
InnoDB: http://dev.mysql.com/doc/refman/5.6/en/operating-system-error-codes.html
InnoDB: Error: could not open single-table tablespace file .\test\camisa.ibd
InnoDB: We do not continue the crash recovery, because the table may become
InnoDB: corrupt if we cannot apply the log records in the InnoDB log to it.
InnoDB: To fix the problem and start mysqld:
InnoDB: 1) If there is a permission problem in the file and mysqld cannot
InnoDB: open the file, you should modify the permissions.
InnoDB: 2) If the table is not needed, or you can restore it from a backup,
InnoDB: then you can remove the .ibd file, and InnoDB will do a normal
InnoDB: crash recovery and ignore that table.
InnoDB: 3) If the file system or the disk is broken, and you cannot remove
InnoDB: the .ibd file, you can set innodb_force_recovery > 0 in my.cnf
InnoDB: and force InnoDB to continue crash recovery here.
2026-05-06 10:18:00 15936 [Note] Plugin 'FEDERATED' is disabled.
2026-05-06 10:18:00 15936 [Note] InnoDB: The InnoDB memory heap is disabled
2026-05-06 10:18:00 15936 [Note] InnoDB: Mutexes and rw_locks use Windows interlocked functions
2026-05-06 10:18:00 15936 [Note] InnoDB: Compressed tables use zlib 1.2.3
2026-05-06 10:18:00 15936 [Note] InnoDB: Not using CPU crc32 instructions
2026-05-06 10:18:00 15936 [Note] InnoDB: Initializing buffer pool, size = 128.0M
2026-05-06 10:18:00 15936 [Note] InnoDB: Completed initialization of buffer pool
2026-05-06 10:18:00 15936 [Note] InnoDB: Highest supported file format is Barracuda.
2026-05-06 10:18:00 15936 [Note] InnoDB: The log sequence numbers 1626676 and 1626676 in ibdata files do not match the log sequence number 1626716 in the ib_logfiles!
2026-05-06 10:18:00 15936 [Note] InnoDB: Database was not shutdown normally!
2026-05-06 10:18:00 15936 [Note] InnoDB: Starting crash recovery.
2026-05-06 10:18:00 15936 [Note] InnoDB: Reading tablespace information from the .ibd files...
2026-05-06 10:18:00 15936 [ERROR] InnoDB: Attempted to open a previously opened tablespace. Previous tablespace db_camisa/camisa uses space ID: 7 at filepath: .\db_camisa\camisa.ibd. Cannot open tablespace test/camisa which uses space ID: 7 at filepath: .\test\camisa.ibd
2026-05-06 10:18:00 37c8  InnoDB: Operating system error number 203 in a file operation.
InnoDB: Some operating system error numbers are described at
InnoDB: http://dev.mysql.com/doc/refman/5.6/en/operating-system-error-codes.html
InnoDB: Error: could not open single-table tablespace file .\test\camisa.ibd
InnoDB: We do not continue the crash recovery, because the table may become
InnoDB: corrupt if we cannot apply the log records in the InnoDB log to it.
InnoDB: To fix the problem and start mysqld:
InnoDB: 1) If there is a permission problem in the file and mysqld cannot
InnoDB: open the file, you should modify the permissions.
InnoDB: 2) If the table is not needed, or you can restore it from a backup,
InnoDB: then you can remove the .ibd file, and InnoDB will do a normal
InnoDB: crash recovery and ignore that table.
InnoDB: 3) If the file system or the disk is broken, and you cannot remove
InnoDB: the .ibd file, you can set innodb_force_recovery > 0 in my.cnf
InnoDB: and force InnoDB to continue crash recovery here.
2026-05-06 10:18:38 13140 [Note] Plugin 'FEDERATED' is disabled.
2026-05-06 10:18:38 13140 [Note] InnoDB: The InnoDB memory heap is disabled
2026-05-06 10:18:38 13140 [Note] InnoDB: Mutexes and rw_locks use Windows interlocked functions
2026-05-06 10:18:38 13140 [Note] InnoDB: Compressed tables use zlib 1.2.3
2026-05-06 10:18:38 13140 [Note] InnoDB: Not using CPU crc32 instructions
2026-05-06 10:18:38 13140 [Note] InnoDB: Initializing buffer pool, size = 128.0M
2026-05-06 10:18:38 13140 [Note] InnoDB: Completed initialization of buffer pool
2026-05-06 10:18:38 13140 [Note] InnoDB: Highest supported file format is Barracuda.
2026-05-06 10:18:38 13140 [Note] InnoDB: The log sequence numbers 1626676 and 1626676 in ibdata files do not match the log sequence number 1626716 in the ib_logfiles!
2026-05-06 10:18:38 13140 [Note] InnoDB: Database was not shutdown normally!
2026-05-06 10:18:38 13140 [Note] InnoDB: Starting crash recovery.
2026-05-06 10:18:38 13140 [Note] InnoDB: Reading tablespace information from the .ibd files...
2026-05-06 10:18:38 13140 [ERROR] InnoDB: Attempted to open a previously opened tablespace. Previous tablespace db_camisa/camisa uses space ID: 7 at filepath: .\db_camisa\camisa.ibd. Cannot open tablespace test/camisa which uses space ID: 7 at filepath: .\test\camisa.ibd
2026-05-06 10:18:38 19e0  InnoDB: Operating system error number 203 in a file operation.
InnoDB: Some operating system error numbers are described at
InnoDB: http://dev.mysql.com/doc/refman/5.6/en/operating-system-error-codes.html
InnoDB: Error: could not open single-table tablespace file .\test\camisa.ibd
InnoDB: We do not continue the crash recovery, because the table may become
InnoDB: corrupt if we cannot apply the log records in the InnoDB log to it.
InnoDB: To fix the problem and start mysqld:
InnoDB: 1) If there is a permission problem in the file and mysqld cannot
InnoDB: open the file, you should modify the permissions.
InnoDB: 2) If the table is not needed, or you can restore it from a backup,
InnoDB: then you can remove the .ibd file, and InnoDB will do a normal
InnoDB: crash recovery and ignore that table.
InnoDB: 3) If the file system or the disk is broken, and you cannot remove
InnoDB: the .ibd file, you can set innodb_force_recovery > 0 in my.cnf
InnoDB: and force InnoDB to continue crash recovery here.
2026-05-06 10:18:42 17644 [Note] Plugin 'FEDERATED' is disabled.
2026-05-06 10:18:42 17644 [Note] InnoDB: The InnoDB memory heap is disabled
2026-05-06 10:18:42 17644 [Note] InnoDB: Mutexes and rw_locks use Windows interlocked functions
2026-05-06 10:18:42 17644 [Note] InnoDB: Compressed tables use zlib 1.2.3
2026-05-06 10:18:42 17644 [Note] InnoDB: Not using CPU crc32 instructions
2026-05-06 10:18:42 17644 [Note] InnoDB: Initializing buffer pool, size = 128.0M
2026-05-06 10:18:42 17644 [Note] InnoDB: Completed initialization of buffer pool
2026-05-06 10:18:42 17644 [Note] InnoDB: Highest supported file format is Barracuda.
2026-05-06 10:18:42 17644 [Note] InnoDB: The log sequence numbers 1626676 and 1626676 in ibdata files do not match the log sequence number 1626716 in the ib_logfiles!
2026-05-06 10:18:42 17644 [Note] InnoDB: Database was not shutdown normally!
2026-05-06 10:18:42 17644 [Note] InnoDB: Starting crash recovery.
2026-05-06 10:18:42 17644 [Note] InnoDB: Reading tablespace information from the .ibd files...
2026-05-06 10:18:42 17644 [ERROR] InnoDB: Attempted to open a previously opened tablespace. Previous tablespace db_camisa/camisa uses space ID: 7 at filepath: .\db_camisa\camisa.ibd. Cannot open tablespace test/camisa which uses space ID: 7 at filepath: .\test\camisa.ibd
2026-05-06 10:18:42 1734  InnoDB: Operating system error number 203 in a file operation.
InnoDB: Some operating system error numbers are described at
InnoDB: http://dev.mysql.com/doc/refman/5.6/en/operating-system-error-codes.html
InnoDB: Error: could not open single-table tablespace file .\test\camisa.ibd
InnoDB: We do not continue the crash recovery, because the table may become
InnoDB: corrupt if we cannot apply the log records in the InnoDB log to it.
InnoDB: To fix the problem and start mysqld:
InnoDB: 1) If there is a permission problem in the file and mysqld cannot
InnoDB: open the file, you should modify the permissions.
InnoDB: 2) If the table is not needed, or you can restore it from a backup,
InnoDB: then you can remove the .ibd file, and InnoDB will do a normal
InnoDB: crash recovery and ignore that table.
InnoDB: 3) If the file system or the disk is broken, and you cannot remove
InnoDB: the .ibd file, you can set innodb_force_recovery > 0 in my.cnf
InnoDB: and force InnoDB to continue crash recovery here.
2026-05-06 10:18:48 14416 [Note] Plugin 'FEDERATED' is disabled.
2026-05-06 10:18:48 14416 [Note] InnoDB: The InnoDB memory heap is disabled
2026-05-06 10:18:48 14416 [Note] InnoDB: Mutexes and rw_locks use Windows interlocked functions
2026-05-06 10:18:48 14416 [Note] InnoDB: Compressed tables use zlib 1.2.3
2026-05-06 10:18:48 14416 [Note] InnoDB: Not using CPU crc32 instructions
2026-05-06 10:18:48 14416 [Note] InnoDB: Initializing buffer pool, size = 128.0M
2026-05-06 10:18:48 14416 [Note] InnoDB: Completed initialization of buffer pool
2026-05-06 10:18:48 14416 [Note] InnoDB: Highest supported file format is Barracuda.
2026-05-06 10:18:48 14416 [Note] InnoDB: The log sequence numbers 1626676 and 1626676 in ibdata files do not match the log sequence number 1626716 in the ib_logfiles!
2026-05-06 10:18:48 14416 [Note] InnoDB: Database was not shutdown normally!
2026-05-06 10:18:48 14416 [Note] InnoDB: Starting crash recovery.
2026-05-06 10:18:48 14416 [Note] InnoDB: Reading tablespace information from the .ibd files...
2026-05-06 10:18:48 14416 [ERROR] InnoDB: Attempted to open a previously opened tablespace. Previous tablespace db_camisa/camisa uses space ID: 7 at filepath: .\db_camisa\camisa.ibd. Cannot open tablespace test/camisa which uses space ID: 7 at filepath: .\test\camisa.ibd
2026-05-06 10:18:48 3538  InnoDB: Operating system error number 203 in a file operation.
InnoDB: Some operating system error numbers are described at
InnoDB: http://dev.mysql.com/doc/refman/5.6/en/operating-system-error-codes.html
InnoDB: Error: could not open single-table tablespace file .\test\camisa.ibd
InnoDB: We do not continue the crash recovery, because the table may become
InnoDB: corrupt if we cannot apply the log records in the InnoDB log to it.
InnoDB: To fix the problem and start mysqld:
InnoDB: 1) If there is a permission problem in the file and mysqld cannot
InnoDB: open the file, you should modify the permissions.
InnoDB: 2) If the table is not needed, or you can restore it from a backup,
InnoDB: then you can remove the .ibd file, and InnoDB will do a normal
InnoDB: crash recovery and ignore that table.
InnoDB: 3) If the file system or the disk is broken, and you cannot remove
InnoDB: the .ibd file, you can set innodb_force_recovery > 0 in my.cnf
InnoDB: and force InnoDB to continue crash recovery here.
2026-05-06 10:49:19 38148 [Note] Plugin 'FEDERATED' is disabled.
2026-05-06 10:49:19 38148 [Note] InnoDB: The InnoDB memory heap is disabled
2026-05-06 10:49:19 38148 [Note] InnoDB: Mutexes and rw_locks use Windows interlocked functions
2026-05-06 10:49:19 38148 [Note] InnoDB: Compressed tables use zlib 1.2.3
2026-05-06 10:49:19 38148 [Note] InnoDB: Not using CPU crc32 instructions
2026-05-06 10:49:19 38148 [Note] InnoDB: Initializing buffer pool, size = 128.0M
2026-05-06 10:49:19 38148 [Note] InnoDB: Completed initialization of buffer pool
2026-05-06 10:49:19 38148 [Note] InnoDB: Highest supported file format is Barracuda.
2026-05-06 10:49:19 38148 [Note] InnoDB: The log sequence numbers 1626676 and 1626676 in ibdata files do not match the log sequence number 1626716 in the ib_logfiles!
2026-05-06 10:49:19 38148 [Note] InnoDB: Database was not shutdown normally!
2026-05-06 10:49:19 38148 [Note] InnoDB: Starting crash recovery.
2026-05-06 10:49:19 38148 [Note] InnoDB: Reading tablespace information from the .ibd files...
2026-05-06 10:49:19 38148 [ERROR] InnoDB: Attempted to open a previously opened tablespace. Previous tablespace db_camisa/camisa uses space ID: 7 at filepath: .\db_camisa\camisa.ibd. Cannot open tablespace test/camisa which uses space ID: 7 at filepath: .\test\camisa.ibd
2026-05-06 10:49:19 95ac  InnoDB: Operating system error number 203 in a file operation.
InnoDB: Some operating system error numbers are described at
InnoDB: http://dev.mysql.com/doc/refman/5.6/en/operating-system-error-codes.html
InnoDB: Error: could not open single-table tablespace file .\test\camisa.ibd
InnoDB: We do not continue the crash recovery, because the table may become
InnoDB: corrupt if we cannot apply the log records in the InnoDB log to it.
InnoDB: To fix the problem and start mysqld:
InnoDB: 1) If there is a permission problem in the file and mysqld cannot
InnoDB: open the file, you should modify the permissions.
InnoDB: 2) If the table is not needed, or you can restore it from a backup,
InnoDB: then you can remove the .ibd file, and InnoDB will do a normal
InnoDB: crash recovery and ignore that table.
InnoDB: 3) If the file system or the disk is broken, and you cannot remove
InnoDB: the .ibd file, you can set innodb_force_recovery > 0 in my.cnf
InnoDB: and force InnoDB to continue crash recovery here.
2026-05-06 10:49:50 14000 [Note] Plugin 'FEDERATED' is disabled.
2026-05-06 10:49:50 14000 [Note] InnoDB: The InnoDB memory heap is disabled
2026-05-06 10:49:50 14000 [Note] InnoDB: Mutexes and rw_locks use Windows interlocked functions
2026-05-06 10:49:50 14000 [Note] InnoDB: Compressed tables use zlib 1.2.3
2026-05-06 10:49:50 14000 [Note] InnoDB: Not using CPU crc32 instructions
2026-05-06 10:49:50 14000 [Note] InnoDB: Initializing buffer pool, size = 128.0M
2026-05-06 10:49:50 14000 [Note] InnoDB: Completed initialization of buffer pool
2026-05-06 10:49:50 14000 [Note] InnoDB: Highest supported file format is Barracuda.
2026-05-06 10:49:50 14000 [Note] InnoDB: The log sequence numbers 1626676 and 1626676 in ibdata files do not match the log sequence number 1626716 in the ib_logfiles!
2026-05-06 10:49:50 14000 [Note] InnoDB: Database was not shutdown normally!
2026-05-06 10:49:50 14000 [Note] InnoDB: Starting crash recovery.
2026-05-06 10:49:50 14000 [Note] InnoDB: Reading tablespace information from the .ibd files...
2026-05-06 10:49:50 14000 [ERROR] InnoDB: Attempted to open a previously opened tablespace. Previous tablespace db_camisa/camisa uses space ID: 7 at filepath: .\db_camisa\camisa.ibd. Cannot open tablespace test/camisa which uses space ID: 7 at filepath: .\test\camisa.ibd
2026-05-06 10:49:50 b534  InnoDB: Operating system error number 203 in a file operation.
InnoDB: Some operating system error numbers are described at
InnoDB: http://dev.mysql.com/doc/refman/5.6/en/operating-system-error-codes.html
InnoDB: Error: could not open single-table tablespace file .\test\camisa.ibd
InnoDB: We do not continue the crash recovery, because the table may become
InnoDB: corrupt if we cannot apply the log records in the InnoDB log to it.
InnoDB: To fix the problem and start mysqld:
InnoDB: 1) If there is a permission problem in the file and mysqld cannot
InnoDB: open the file, you should modify the permissions.
InnoDB: 2) If the table is not needed, or you can restore it from a backup,
InnoDB: then you can remove the .ibd file, and InnoDB will do a normal
InnoDB: crash recovery and ignore that table.
InnoDB: 3) If the file system or the disk is broken, and you cannot remove
InnoDB: the .ibd file, you can set innodb_force_recovery > 0 in my.cnf
InnoDB: and force InnoDB to continue crash recovery here.
2026-05-06 10:50:05 37084 [Note] Plugin 'FEDERATED' is disabled.
2026-05-06 10:50:05 37084 [Note] InnoDB: The InnoDB memory heap is disabled
2026-05-06 10:50:05 37084 [Note] InnoDB: Mutexes and rw_locks use Windows interlocked functions
2026-05-06 10:50:05 37084 [Note] InnoDB: Compressed tables use zlib 1.2.3
2026-05-06 10:50:05 37084 [Note] InnoDB: Not using CPU crc32 instructions
2026-05-06 10:50:05 37084 [Note] InnoDB: Initializing buffer pool, size = 128.0M
2026-05-06 10:50:05 37084 [Note] InnoDB: Completed initialization of buffer pool
2026-05-06 10:50:05 37084 [Note] InnoDB: Highest supported file format is Barracuda.
2026-05-06 10:50:05 37084 [Note] InnoDB: The log sequence numbers 1626676 and 1626676 in ibdata files do not match the log sequence number 1626716 in the ib_logfiles!
2026-05-06 10:50:05 37084 [Note] InnoDB: Database was not shutdown normally!
2026-05-06 10:50:05 37084 [Note] InnoDB: Starting crash recovery.
2026-05-06 10:50:05 37084 [Note] InnoDB: Reading tablespace information from the .ibd files...
2026-05-06 10:50:05 37084 [ERROR] InnoDB: Attempted to open a previously opened tablespace. Previous tablespace db_camisa/camisa uses space ID: 7 at filepath: .\db_camisa\camisa.ibd. Cannot open tablespace test/camisa which uses space ID: 7 at filepath: .\test\camisa.ibd
2026-05-06 10:50:05 870c  InnoDB: Operating system error number 203 in a file operation.
InnoDB: Some operating system error numbers are described at
InnoDB: http://dev.mysql.com/doc/refman/5.6/en/operating-system-error-codes.html
InnoDB: Error: could not open single-table tablespace file .\test\camisa.ibd
InnoDB: We do not continue the crash recovery, because the table may become
InnoDB: corrupt if we cannot apply the log records in the InnoDB log to it.
InnoDB: To fix the problem and start mysqld:
InnoDB: 1) If there is a permission problem in the file and mysqld cannot
InnoDB: open the file, you should modify the permissions.
InnoDB: 2) If the table is not needed, or you can restore it from a backup,
InnoDB: then you can remove the .ibd file, and InnoDB will do a normal
InnoDB: crash recovery and ignore that table.
InnoDB: 3) If the file system or the disk is broken, and you cannot remove
InnoDB: the .ibd file, you can set innodb_force_recovery > 0 in my.cnf
InnoDB: and force InnoDB to continue crash recovery here.
