2023-03-06 15:00:53 2800 [Note] Plugin 'FEDERATED' is disabled.
2023-03-06 15:00:53 2800 [Note] InnoDB: The InnoDB memory heap is disabled
2023-03-06 15:00:53 2800 [Note] InnoDB: Mutexes and rw_locks use Windows interlocked functions
2023-03-06 15:00:53 2800 [Note] InnoDB: Compressed tables use zlib 1.2.3
2023-03-06 15:00:53 2800 [Note] InnoDB: Not using CPU crc32 instructions
2023-03-06 15:00:53 2800 [Note] InnoDB: Initializing buffer pool, size = 128.0M
2023-03-06 15:00:53 2800 [Note] InnoDB: Completed initialization of buffer pool
2023-03-06 15:00:53 2800 [Note] InnoDB: Highest supported file format is Barracuda.
2023-03-06 15:00:53 2800 [Note] InnoDB: The log sequence numbers 1626676 and 1626676 in ibdata files do not match the log sequence number 1626686 in the ib_logfiles!
2023-03-06 15:00:53 2800 [Note] InnoDB: Database was not shutdown normally!
2023-03-06 15:00:53 2800 [Note] InnoDB: Starting crash recovery.
2023-03-06 15:00:53 2800 [Note] InnoDB: Reading tablespace information from the .ibd files...
2023-03-06 15:00:53 2800 [Note] InnoDB: Restoring possible half-written data pages 
2023-03-06 15:00:53 2800 [Note] InnoDB: from the doublewrite buffer...
2023-03-06 15:00:53 2800 [Note] InnoDB: 128 rollback segment(s) are active.
2023-03-06 15:00:53 2800 [Note] InnoDB: Waiting for purge to start
2023-03-06 15:00:54 2800 [Note] InnoDB: 5.6.13 started; log sequence number 1626686
2023-03-06 15:00:54 2800 [Note] Server hostname (bind-address): '*'; port: 3307
2023-03-06 15:00:54 2800 [Note] IPv6 is available.
2023-03-06 15:00:54 2800 [Note]   - '::' resolves to '::';
2023-03-06 15:00:54 2800 [Note] Server socket created on IP: '::'.
2023-03-06 15:05:52 2212 [Note] Plugin 'FEDERATED' is disabled.
2023-03-06 15:05:52 2212 [Note] InnoDB: The InnoDB memory heap is disabled
2023-03-06 15:05:52 2212 [Note] InnoDB: Mutexes and rw_locks use Windows interlocked functions
2023-03-06 15:05:52 2212 [Note] InnoDB: Compressed tables use zlib 1.2.3
2023-03-06 15:05:52 2212 [Note] InnoDB: Not using CPU crc32 instructions
2023-03-06 15:05:52 2212 [Note] InnoDB: Initializing buffer pool, size = 128.0M
2023-03-06 15:05:52 2212 [Note] InnoDB: Completed initialization of buffer pool
2023-03-06 15:05:52 2212 [Note] InnoDB: Highest supported file format is Barracuda.
2023-03-06 15:05:52 2212 [Note] InnoDB: The log sequence numbers 1626676 and 1626676 in ibdata files do not match the log sequence number 1626696 in the ib_logfiles!
2023-03-06 15:05:52 2212 [Note] InnoDB: Database was not shutdown normally!
2023-03-06 15:05:52 2212 [Note] InnoDB: Starting crash recovery.
2023-03-06 15:05:52 2212 [Note] InnoDB: Reading tablespace information from the .ibd files...
2023-03-06 15:05:52 2212 [Note] InnoDB: Restoring possible half-written data pages 
2023-03-06 15:05:52 2212 [Note] InnoDB: from the doublewrite buffer...
2023-03-06 15:05:53 2212 [Note] InnoDB: 128 rollback segment(s) are active.
2023-03-06 15:05:53 2212 [Note] InnoDB: Waiting for purge to start
2023-03-06 15:05:53 2212 [Note] InnoDB: 5.6.13 started; log sequence number 1626696
2023-03-06 15:05:53 2212 [Note] Server hostname (bind-address): '*'; port: 3307
2023-03-06 15:05:53 2212 [Note] IPv6 is available.
2023-03-06 15:05:53 2212 [Note]   - '::' resolves to '::';
2023-03-06 15:05:53 2212 [Note] Server socket created on IP: '::'.
