2026-05-05 08:15:51 13712 [Note] Plugin 'FEDERATED' is disabled.
2026-05-05 08:15:51 13712 [Note] InnoDB: The InnoDB memory heap is disabled
2026-05-05 08:15:51 13712 [Note] InnoDB: Mutexes and rw_locks use Windows interlocked functions
2026-05-05 08:15:51 13712 [Note] InnoDB: Compressed tables use zlib 1.2.3
2026-05-05 08:15:51 13712 [Note] InnoDB: Not using CPU crc32 instructions
2026-05-05 08:15:51 13712 [Note] InnoDB: Initializing buffer pool, size = 128.0M
2026-05-05 08:15:51 13712 [Note] InnoDB: Completed initialization of buffer pool
2026-05-05 08:15:51 13712 [Note] InnoDB: Highest supported file format is Barracuda.
2026-05-05 08:15:51 13712 [Note] InnoDB: The log sequence numbers 1626676 and 1626676 in ibdata files do not match the log sequence number 1626706 in the ib_logfiles!
2026-05-05 08:15:51 13712 [Note] InnoDB: Database was not shutdown normally!
2026-05-05 08:15:51 13712 [Note] InnoDB: Starting crash recovery.
2026-05-05 08:15:51 13712 [Note] InnoDB: Reading tablespace information from the .ibd files...
2026-05-05 08:15:51 13712 [Note] InnoDB: Restoring possible half-written data pages 
2026-05-05 08:15:51 13712 [Note] InnoDB: from the doublewrite buffer...
2026-05-05 08:15:51 13712 [Note] InnoDB: 128 rollback segment(s) are active.
2026-05-05 08:15:51 13712 [Note] InnoDB: Waiting for purge to start
2026-05-05 08:15:51 13712 [Note] InnoDB: 5.6.13 started; log sequence number 1626706
2026-05-05 08:15:51 13712 [Note] Server hostname (bind-address): '*'; port: 3307
2026-05-05 08:15:51 13712 [Note] IPv6 is available.
2026-05-05 08:15:51 13712 [Note]   - '::' resolves to '::';
2026-05-05 08:15:51 13712 [Note] Server socket created on IP: '::'.
