2018-06-29 19:23:59 2644 [Note] Plugin 'FEDERATED' is disabled.
2018-06-29 19:23:59 2644 [Note] InnoDB: The InnoDB memory heap is disabled
2018-06-29 19:23:59 2644 [Note] InnoDB: Mutexes and rw_locks use Windows interlocked functions
2018-06-29 19:23:59 2644 [Note] InnoDB: Compressed tables use zlib 1.2.3
2018-06-29 19:23:59 2644 [Note] InnoDB: Not using CPU crc32 instructions
2018-06-29 19:23:59 2644 [Note] InnoDB: Initializing buffer pool, size = 128.0M
2018-06-29 19:24:00 2644 [Note] InnoDB: Completed initialization of buffer pool
2018-06-29 19:24:00 2644 [Note] InnoDB: Setting log file C:\Users\aluno1\Desktop\USBWebserver v8.6\mysql\data\ib_logfile101 size to 5 MB
2018-06-29 19:24:00 2644 [Note] InnoDB: Setting log file C:\Users\aluno1\Desktop\USBWebserver v8.6\mysql\data\ib_logfile1 size to 5 MB
2018-06-29 19:24:01 2644 [Note] InnoDB: Renaming log file C:\Users\aluno1\Desktop\USBWebserver v8.6\mysql\data\ib_logfile101 to C:\Users\aluno1\Desktop\USBWebserver v8.6\mysql\data\ib_logfile0
2018-06-29 19:24:01 2644 [Warning] InnoDB: New log files created, LSN=1626134
2018-06-29 19:24:01 2644 [Note] InnoDB: Highest supported file format is Barracuda.
2018-06-29 19:24:01 2644 [Note] InnoDB: 128 rollback segment(s) are active.
2018-06-29 19:24:01 2644 [Note] InnoDB: Waiting for purge to start
2018-06-29 19:24:01 2644 [Note] InnoDB: 5.6.13 started; log sequence number 1626636
2018-06-29 19:24:01 2644 [Warning] No existing UUID has been found, so we assume that this is the first time that this server has been started. Generating a new UUID: 1fda52c6-7beb-11e8-8593-641c679497eb.
2018-06-29 19:24:01 2644 [Note] Server hostname (bind-address): '*'; port: 3307
2018-06-29 19:24:01 2644 [Note] IPv6 is available.
2018-06-29 19:24:01 2644 [Note]   - '::' resolves to '::';
2018-06-29 19:24:01 2644 [Note] Server socket created on IP: '::'.
2018-06-29 19:24:01 2644 [ERROR] Can't start server: Bind on TCP/IP port: No such file or directory
2018-06-29 19:24:01 2644 [ERROR] Do you already have another mysqld server running on port: 3307 ?
2018-06-29 19:24:01 2644 [ERROR] Aborting

2018-06-29 19:24:01 2644 [Note] Binlog end
2018-06-29 19:24:01 2644 [Note] Shutting down plugin 'partition'
2018-06-29 19:24:01 2644 [Note] Shutting down plugin 'PERFORMANCE_SCHEMA'
2018-06-29 19:24:01 2644 [Note] Shutting down plugin 'INNODB_SYS_DATAFILES'
2018-06-29 19:24:01 2644 [Note] Shutting down plugin 'INNODB_SYS_TABLESPACES'
2018-06-29 19:24:01 2644 [Note] Shutting down plugin 'INNODB_SYS_FOREIGN_COLS'
2018-06-29 19:24:01 2644 [Note] Shutting down plugin 'INNODB_SYS_FOREIGN'
2018-06-29 19:24:01 2644 [Note] Shutting down plugin 'INNODB_SYS_FIELDS'
2018-06-29 19:24:01 2644 [Note] Shutting down plugin 'INNODB_SYS_COLUMNS'
2018-06-29 19:24:01 2644 [Note] Shutting down plugin 'INNODB_SYS_INDEXES'
2018-06-29 19:24:01 2644 [Note] Shutting down plugin 'INNODB_SYS_TABLESTATS'
2018-06-29 19:24:01 2644 [Note] Shutting down plugin 'INNODB_SYS_TABLES'
2018-06-29 19:24:01 2644 [Note] Shutting down plugin 'INNODB_FT_INDEX_TABLE'
2018-06-29 19:24:01 2644 [Note] Shutting down plugin 'INNODB_FT_INDEX_CACHE'
2018-06-29 19:24:01 2644 [Note] Shutting down plugin 'INNODB_FT_CONFIG'
2018-06-29 19:24:01 2644 [Note] Shutting down plugin 'INNODB_FT_BEING_DELETED'
2018-06-29 19:24:01 2644 [Note] Shutting down plugin 'INNODB_FT_DELETED'
2018-06-29 19:24:01 2644 [Note] Shutting down plugin 'INNODB_FT_DEFAULT_STOPWORD'
2018-06-29 19:24:01 2644 [Note] Shutting down plugin 'INNODB_METRICS'
2018-06-29 19:24:01 2644 [Note] Shutting down plugin 'INNODB_BUFFER_POOL_STATS'
2018-06-29 19:24:01 2644 [Note] Shutting down plugin 'INNODB_BUFFER_PAGE_LRU'
2018-06-29 19:24:01 2644 [Note] Shutting down plugin 'INNODB_BUFFER_PAGE'
2018-06-29 19:24:01 2644 [Note] Shutting down plugin 'INNODB_CMP_PER_INDEX_RESET'
2018-06-29 19:24:01 2644 [Note] Shutting down plugin 'INNODB_CMP_PER_INDEX'
2018-06-29 19:24:01 2644 [Note] Shutting down plugin 'INNODB_CMPMEM_RESET'
2018-06-29 19:24:01 2644 [Note] Shutting down plugin 'INNODB_CMPMEM'
2018-06-29 19:24:01 2644 [Note] Shutting down plugin 'INNODB_CMP_RESET'
2018-06-29 19:24:01 2644 [Note] Shutting down plugin 'INNODB_CMP'
2018-06-29 19:24:01 2644 [Note] Shutting down plugin 'INNODB_LOCK_WAITS'
2018-06-29 19:24:01 2644 [Note] Shutting down plugin 'INNODB_LOCKS'
2018-06-29 19:24:01 2644 [Note] Shutting down plugin 'INNODB_TRX'
2018-06-29 19:24:01 2644 [Note] Shutting down plugin 'InnoDB'
2018-06-29 19:24:01 2644 [Note] InnoDB: FTS optimize thread exiting.
2018-06-29 19:24:01 2644 [Note] InnoDB: Starting shutdown...
2018-06-29 19:24:03 2644 [Note] InnoDB: Shutdown completed; log sequence number 1626646
2018-06-29 19:24:03 2644 [Note] Shutting down plugin 'BLACKHOLE'
2018-06-29 19:24:03 2644 [Note] Shutting down plugin 'ARCHIVE'
2018-06-29 19:24:03 2644 [Note] Shutting down plugin 'MRG_MYISAM'
2018-06-29 19:24:03 2644 [Note] Shutting down plugin 'MyISAM'
2018-06-29 19:24:03 2644 [Note] Shutting down plugin 'MEMORY'
2018-06-29 19:24:03 2644 [Note] Shutting down plugin 'CSV'
2018-06-29 19:24:03 2644 [Note] Shutting down plugin 'sha256_password'
2018-06-29 19:24:03 2644 [Note] Shutting down plugin 'mysql_old_password'
2018-06-29 19:24:03 2644 [Note] Shutting down plugin 'mysql_native_password'
2018-06-29 19:24:03 2644 [Note] Shutting down plugin 'binlog'
2018-06-29 19:24:03 2644 [Note] C:\Users\aluno1\Desktop\USBWebserver v8.6/mysql/bin/mysqld_usbwv8.exe: Shutdown complete

2018-06-29 19:26:06 5436 [Note] Plugin 'FEDERATED' is disabled.
2018-06-29 19:26:06 5436 [Note] InnoDB: The InnoDB memory heap is disabled
2018-06-29 19:26:06 5436 [Note] InnoDB: Mutexes and rw_locks use Windows interlocked functions
2018-06-29 19:26:06 5436 [Note] InnoDB: Compressed tables use zlib 1.2.3
2018-06-29 19:26:06 5436 [Note] InnoDB: Not using CPU crc32 instructions
2018-06-29 19:26:06 5436 [Note] InnoDB: Initializing buffer pool, size = 128.0M
2018-06-29 19:26:06 5436 [Note] InnoDB: Completed initialization of buffer pool
2018-06-29 19:26:06 5436 [Note] InnoDB: Highest supported file format is Barracuda.
2018-06-29 19:26:07 5436 [Note] InnoDB: 128 rollback segment(s) are active.
2018-06-29 19:26:07 5436 [Note] InnoDB: Waiting for purge to start
2018-06-29 19:26:07 5436 [Note] InnoDB: 5.6.13 started; log sequence number 1626646
2018-06-29 19:26:07 5436 [Note] Server hostname (bind-address): '*'; port: 3307
2018-06-29 19:26:07 5436 [Note] IPv6 is available.
2018-06-29 19:26:07 5436 [Note]   - '::' resolves to '::';
2018-06-29 19:26:07 5436 [Note] Server socket created on IP: '::'.
2018-06-29 19:26:09 5436 [Note] Event Scheduler: Loaded 0 events
2018-06-29 19:26:09 5436 [Note] C:\Users\aluno1\Desktop\USBWebserver v8.6/mysql/bin/mysqld_usbwv8.exe: ready for connections.
Version: '5.6.13'  socket: ''  port: 3307  MySQL Community Server (GPL)
2018-06-29 19:30:51 4924 [Note] Plugin 'FEDERATED' is disabled.
2018-06-29 19:30:51 4924 [Note] InnoDB: The InnoDB memory heap is disabled
2018-06-29 19:30:51 4924 [Note] InnoDB: Mutexes and rw_locks use Windows interlocked functions
2018-06-29 19:30:51 4924 [Note] InnoDB: Compressed tables use zlib 1.2.3
2018-06-29 19:30:51 4924 [Note] InnoDB: Not using CPU crc32 instructions
2018-06-29 19:30:51 4924 [Note] InnoDB: Initializing buffer pool, size = 128.0M
2018-06-29 19:30:51 4924 [Note] InnoDB: Completed initialization of buffer pool
2018-06-29 19:30:51 4924 [Note] InnoDB: Highest supported file format is Barracuda.
2018-06-29 19:30:51 4924 [Note] InnoDB: The log sequence numbers 1626646 and 1626646 in ibdata files do not match the log sequence number 1626656 in the ib_logfiles!
2018-06-29 19:30:51 4924 [Note] InnoDB: Database was not shutdown normally!
2018-06-29 19:30:51 4924 [Note] InnoDB: Starting crash recovery.
2018-06-29 19:30:51 4924 [Note] InnoDB: Reading tablespace information from the .ibd files...
2018-06-29 19:30:51 4924 [Note] InnoDB: Restoring possible half-written data pages 
2018-06-29 19:30:51 4924 [Note] InnoDB: from the doublewrite buffer...
2018-06-29 19:30:51 4924 [Note] InnoDB: 128 rollback segment(s) are active.
2018-06-29 19:30:51 4924 [Note] InnoDB: Waiting for purge to start
2018-06-29 19:30:51 4924 [Note] InnoDB: 5.6.13 started; log sequence number 1626656
2018-06-29 19:30:51 4924 [Note] Server hostname (bind-address): '*'; port: 3307
2018-06-29 19:30:51 4924 [Note] IPv6 is available.
2018-06-29 19:30:51 4924 [Note]   - '::' resolves to '::';
2018-06-29 19:30:51 4924 [Note] Server socket created on IP: '::'.
2018-06-29 19:30:52 4924 [Note] Event Scheduler: Loaded 0 events
2018-06-29 19:30:52 4924 [Note] C:\Users\aluno1\Desktop\USBWebserver v8.6/mysql/bin/mysqld_usbwv8.exe: ready for connections.
Version: '5.6.13'  socket: ''  port: 3307  MySQL Community Server (GPL)
